// Jest Snapshot v1, https://goo.gl/fbAQLP

exports[`DailyTask component renders correct number of task items 1`] = `
<div
  className="daily-task-bar"
>
  <div
    className="top-section"
  >
    <div
      className="icon-container"
    >
      <svg
        fill="currentColor"
        height="1em"
        stroke="currentColor"
        strokeWidth="0"
        style={
          {
            "color": undefined,
          }
        }
        viewBox="0 0 24 24"
        width="1em"
        xmlns="http://www.w3.org/2000/svg"
      >
        <path
          d="M0 0h24v24H0z"
          fill="none"
        />
        <path
          d="M19 6.41 17.59 5 12 10.59 6.41 5 5 6.41 10.59 12 5 17.59 6.41 19 12 13.41 17.59 19 19 17.59 13.41 12z"
        />
      </svg>
    </div>
    <div
      className="title-container"
    >
      <h2>
        Daily Tasks
      </h2>
    </div>
  </div>
  <h2
    className="finish-task-header"
  >
    Finish Tasks To Earn Points
  </h2>
  <div
    className="task-name-div"
  >
    <div
      style={
        {
          "alignItems": "center",
          "display": "flex",
          "flexDirection": "row",
          "fontSize": "1rem",
          "gap": "10px",
          "maxWidth": "400px",
          "padding": "10px",
        }
      }
    >
      <img
        alt="homeIcon"
        height={50}
        src=""
        style={
          {
            "borderRadius": "50px",
          }
        }
        width={50}
      />
      <div
        style={
          {
            "fontSize": "0.8rem",
          }
        }
      >
        <div
          style={
            {
              "fontWeight": "bold",
            }
          }
        >
          Home Workouts
        </div>
        <div>
          Task (
          1
          /15)
        </div>
      </div>
      <svg
        fill="currentColor"
        height="1em"
        stroke="currentColor"
        strokeWidth="0"
        style={
          {
            "color": "black",
            "marginLeft": "auto",
          }
        }
        viewBox="0 0 1024 1024"
        width="1em"
        xmlns="http://www.w3.org/2000/svg"
      >
        <path
          d="M899.4 638.2h-27.198c-2.2-.6-4.2-1.6-6.4-2-57.2-8.8-102.4-56.4-106.2-112.199-4.401-62.4 31.199-115.2 89.199-132.4 7.6-2.2 15.6-3.8 23.399-5.8h27.2c1.8.6 3.4 1.6 5.4 1.8 52.8 8.6 93 46.6 104.4 98.6.8 4 2 8 3 12v27.2c-.6 1.8-1.6 3.6-1.8 5.4-8.4 52-45.4 91.599-96.801 103.6-5 1.2-9.6 2.6-14.2 3.8zM130.603 385.8l27.202.001c2.2.6 4.2 1.6 6.4 1.8 57.6 9 102.6 56.8 106.2 113.2 4 62.2-32 114.8-90.2 131.8-7.401 2.2-15 3.8-22.401 5.6h-27.2c-1.8-.6-3.4-1.6-5.2-2-52-9.6-86-39.8-102.2-90.2-2.2-6.6-3.4-13.6-5.2-20.4v-27.2c.6-1.8 1.6-3.6 1.8-5.4 8.6-52.2 45.4-91.6 96.8-103.6 4.8-1.201 9.4-2.401 13.999-3.601zm370.801.001h27.2c2.2.6 4.2 1.6 6.4 2 57.4 9 103.6 58.6 106 114.6 2.8 63-35.2 116.4-93.8 131.4-6.2 1.6-12.4 3-18.6 4.4h-27.2c-2.2-.6-4.2-1.6-6.4-2-57.4-8.8-103.601-58.6-106.2-114.6-3-63 35.2-116.4 93.8-131.4 6.4-1.6 12.6-3 18.8-4.4z"
        />
      </svg>
    </div>
  </div>
  <div
    style={
      {
        "alignItems": "center",
        "background": "white",
        "borderRadius": "10px",
        "color": "black",
        "display": "flex",
        "flexDirection": "row",
        "fontSize": "1rem",
        "gap": "10px",
        "height": "40px",
        "marginBottom": "10px",
        "maxWidth": "300px",
        "opacity": 1,
        "padding": "10px",
        "transition": "opacity 0.5s ease",
      }
    }
  >
    <label
      className="chakra-checkbox css-1elxtiq"
      data-checked=""
      onClick={[Function]}
    >
      <input
        checked={true}
        className="chakra-checkbox__input"
        onBlur={[Function]}
        onChange={[Function]}
        onFocus={[Function]}
        onKeyDown={[Function]}
        onKeyUp={[Function]}
        style={
          {
            "border": "0",
            "clip": "rect(0, 0, 0, 0)",
            "height": "1px",
            "margin": "-1px",
            "overflow": "hidden",
            "padding": "0",
            "position": "absolute",
            "whiteSpace": "nowrap",
            "width": "1px",
          }
        }
        type="checkbox"
      />
      <span
        aria-hidden={true}
        className="chakra-checkbox__control css-dnty2r"
        data-checked=""
        onMouseDown={[Function]}
        onMouseEnter={[Function]}
        onMouseLeave={[Function]}
        onMouseUp={[Function]}
      >
        <div
          className="css-0"
          style={
            {
              "alignItems": "center",
              "display": "flex",
              "height": "100%",
              "justifyContent": "center",
            }
          }
        >
          <svg
            className="css-1w6vdd7"
            style={
              {
                "fill": "none",
                "stroke": "currentColor",
                "strokeDasharray": 16,
                "strokeWidth": 2,
              }
            }
            viewBox="0 0 12 10"
          >
            <polyline
              points="1.5 6 4.5 9 10.5 1"
            />
          </svg>
        </div>
      </span>
    </label>
    <div
      style={
        {
          "textDecoration": null,
        }
      }
    >
      Plank
    </div>
    <div
      style={
        {
          "background": "grey",
          "height": "90%",
          "width": "1px",
        }
      }
    />
    <div>
       00:00 
    </div>
    <svg
      fill="currentColor"
      height="1em"
      stroke="currentColor"
      strokeWidth="0"
      style={
        {
          "color": undefined,
          "marginLeft": "auto",
        }
      }
      viewBox="0 0 24 24"
      width="1em"
      xmlns="http://www.w3.org/2000/svg"
    >
      <path
        d="M0 0h24v24H0z"
        fill="none"
      />
      <path
        d="M20 9H4v2h16V9zM4 15h16v-2H4v2z"
      />
    </svg>
  </div>
  <div
    style={
      {
        "alignItems": "center",
        "background": "white",
        "borderRadius": "10px",
        "color": "black",
        "display": "flex",
        "flexDirection": "row",
        "fontSize": "1rem",
        "gap": "10px",
        "height": "40px",
        "marginBottom": "10px",
        "maxWidth": "300px",
        "opacity": 1,
        "padding": "10px",
        "transition": "opacity 0.5s ease",
      }
    }
  >
    <label
      className="chakra-checkbox css-1elxtiq"
      data-checked=""
      onClick={[Function]}
    >
      <input
        checked={true}
        className="chakra-checkbox__input"
        onBlur={[Function]}
        onChange={[Function]}
        onFocus={[Function]}
        onKeyDown={[Function]}
        onKeyUp={[Function]}
        style={
          {
            "border": "0",
            "clip": "rect(0, 0, 0, 0)",
            "height": "1px",
            "margin": "-1px",
            "overflow": "hidden",
            "padding": "0",
            "position": "absolute",
            "whiteSpace": "nowrap",
            "width": "1px",
          }
        }
        type="checkbox"
      />
      <span
        aria-hidden={true}
        className="chakra-checkbox__control css-dnty2r"
        data-checked=""
        onMouseDown={[Function]}
        onMouseEnter={[Function]}
        onMouseLeave={[Function]}
        onMouseUp={[Function]}
      >
        <div
          className="css-0"
          style={
            {
              "alignItems": "center",
              "display": "flex",
              "height": "100%",
              "justifyContent": "center",
            }
          }
        >
          <svg
            className="css-1w6vdd7"
            style={
              {
                "fill": "none",
                "stroke": "currentColor",
                "strokeDasharray": 16,
                "strokeWidth": 2,
              }
            }
            viewBox="0 0 12 10"
          >
            <polyline
              points="1.5 6 4.5 9 10.5 1"
            />
          </svg>
        </div>
      </span>
    </label>
    <div
      style={
        {
          "textDecoration": null,
        }
      }
    >
      Plank
    </div>
    <div
      style={
        {
          "background": "grey",
          "height": "90%",
          "width": "1px",
        }
      }
    />
    <div>
       00:00 
    </div>
    <svg
      fill="currentColor"
      height="1em"
      stroke="currentColor"
      strokeWidth="0"
      style={
        {
          "color": undefined,
          "marginLeft": "auto",
        }
      }
      viewBox="0 0 24 24"
      width="1em"
      xmlns="http://www.w3.org/2000/svg"
    >
      <path
        d="M0 0h24v24H0z"
        fill="none"
      />
      <path
        d="M20 9H4v2h16V9zM4 15h16v-2H4v2z"
      />
    </svg>
  </div>
  <div
    style={
      {
        "alignItems": "center",
        "background": "white",
        "borderRadius": "10px",
        "color": "black",
        "display": "flex",
        "flexDirection": "row",
        "fontSize": "1rem",
        "gap": "10px",
        "height": "40px",
        "marginBottom": "10px",
        "maxWidth": "300px",
        "opacity": 1,
        "padding": "10px",
        "transition": "opacity 0.5s ease",
      }
    }
  >
    <label
      className="chakra-checkbox css-1elxtiq"
      data-checked=""
      onClick={[Function]}
    >
      <input
        checked={true}
        className="chakra-checkbox__input"
        onBlur={[Function]}
        onChange={[Function]}
        onFocus={[Function]}
        onKeyDown={[Function]}
        onKeyUp={[Function]}
        style={
          {
            "border": "0",
            "clip": "rect(0, 0, 0, 0)",
            "height": "1px",
            "margin": "-1px",
            "overflow": "hidden",
            "padding": "0",
            "position": "absolute",
            "whiteSpace": "nowrap",
            "width": "1px",
          }
        }
        type="checkbox"
      />
      <span
        aria-hidden={true}
        className="chakra-checkbox__control css-dnty2r"
        data-checked=""
        onMouseDown={[Function]}
        onMouseEnter={[Function]}
        onMouseLeave={[Function]}
        onMouseUp={[Function]}
      >
        <div
          className="css-0"
          style={
            {
              "alignItems": "center",
              "display": "flex",
              "height": "100%",
              "justifyContent": "center",
            }
          }
        >
          <svg
            className="css-1w6vdd7"
            style={
              {
                "fill": "none",
                "stroke": "currentColor",
                "strokeDasharray": 16,
                "strokeWidth": 2,
              }
            }
            viewBox="0 0 12 10"
          >
            <polyline
              points="1.5 6 4.5 9 10.5 1"
            />
          </svg>
        </div>
      </span>
    </label>
    <div
      style={
        {
          "textDecoration": null,
        }
      }
    >
      Plank
    </div>
    <div
      style={
        {
          "background": "grey",
          "height": "90%",
          "width": "1px",
        }
      }
    />
    <div>
       00:00 
    </div>
    <svg
      fill="currentColor"
      height="1em"
      stroke="currentColor"
      strokeWidth="0"
      style={
        {
          "color": undefined,
          "marginLeft": "auto",
        }
      }
      viewBox="0 0 24 24"
      width="1em"
      xmlns="http://www.w3.org/2000/svg"
    >
      <path
        d="M0 0h24v24H0z"
        fill="none"
      />
      <path
        d="M20 9H4v2h16V9zM4 15h16v-2H4v2z"
      />
    </svg>
  </div>
  <div
    style={
      {
        "alignItems": "center",
        "background": "white",
        "borderRadius": "10px",
        "color": "black",
        "display": "flex",
        "flexDirection": "row",
        "fontSize": "1rem",
        "gap": "10px",
        "height": "40px",
        "marginBottom": "10px",
        "maxWidth": "300px",
        "opacity": 1,
        "padding": "10px",
        "transition": "opacity 0.5s ease",
      }
    }
  >
    <label
      className="chakra-checkbox css-1elxtiq"
      data-checked=""
      onClick={[Function]}
    >
      <input
        checked={true}
        className="chakra-checkbox__input"
        onBlur={[Function]}
        onChange={[Function]}
        onFocus={[Function]}
        onKeyDown={[Function]}
        onKeyUp={[Function]}
        style={
          {
            "border": "0",
            "clip": "rect(0, 0, 0, 0)",
            "height": "1px",
            "margin": "-1px",
            "overflow": "hidden",
            "padding": "0",
            "position": "absolute",
            "whiteSpace": "nowrap",
            "width": "1px",
          }
        }
        type="checkbox"
      />
      <span
        aria-hidden={true}
        className="chakra-checkbox__control css-dnty2r"
        data-checked=""
        onMouseDown={[Function]}
        onMouseEnter={[Function]}
        onMouseLeave={[Function]}
        onMouseUp={[Function]}
      >
        <div
          className="css-0"
          style={
            {
              "alignItems": "center",
              "display": "flex",
              "height": "100%",
              "justifyContent": "center",
            }
          }
        >
          <svg
            className="css-1w6vdd7"
            style={
              {
                "fill": "none",
                "stroke": "currentColor",
                "strokeDasharray": 16,
                "strokeWidth": 2,
              }
            }
            viewBox="0 0 12 10"
          >
            <polyline
              points="1.5 6 4.5 9 10.5 1"
            />
          </svg>
        </div>
      </span>
    </label>
    <div
      style={
        {
          "textDecoration": null,
        }
      }
    >
      Plank
    </div>
    <div
      style={
        {
          "background": "grey",
          "height": "90%",
          "width": "1px",
        }
      }
    />
    <div>
       00:00 
    </div>
    <svg
      fill="currentColor"
      height="1em"
      stroke="currentColor"
      strokeWidth="0"
      style={
        {
          "color": undefined,
          "marginLeft": "auto",
        }
      }
      viewBox="0 0 24 24"
      width="1em"
      xmlns="http://www.w3.org/2000/svg"
    >
      <path
        d="M0 0h24v24H0z"
        fill="none"
      />
      <path
        d="M20 9H4v2h16V9zM4 15h16v-2H4v2z"
      />
    </svg>
  </div>
  <div
    style={
      {
        "alignItems": "center",
        "background": "white",
        "borderRadius": "10px",
        "color": "black",
        "display": "flex",
        "flexDirection": "row",
        "fontSize": "1rem",
        "gap": "10px",
        "height": "40px",
        "marginBottom": "10px",
        "maxWidth": "300px",
        "opacity": 1,
        "padding": "10px",
        "transition": "opacity 0.5s ease",
      }
    }
  >
    <label
      className="chakra-checkbox css-1elxtiq"
      data-checked=""
      onClick={[Function]}
    >
      <input
        checked={true}
        className="chakra-checkbox__input"
        onBlur={[Function]}
        onChange={[Function]}
        onFocus={[Function]}
        onKeyDown={[Function]}
        onKeyUp={[Function]}
        style={
          {
            "border": "0",
            "clip": "rect(0, 0, 0, 0)",
            "height": "1px",
            "margin": "-1px",
            "overflow": "hidden",
            "padding": "0",
            "position": "absolute",
            "whiteSpace": "nowrap",
            "width": "1px",
          }
        }
        type="checkbox"
      />
      <span
        aria-hidden={true}
        className="chakra-checkbox__control css-dnty2r"
        data-checked=""
        onMouseDown={[Function]}
        onMouseEnter={[Function]}
        onMouseLeave={[Function]}
        onMouseUp={[Function]}
      >
        <div
          className="css-0"
          style={
            {
              "alignItems": "center",
              "display": "flex",
              "height": "100%",
              "justifyContent": "center",
            }
          }
        >
          <svg
            className="css-1w6vdd7"
            style={
              {
                "fill": "none",
                "stroke": "currentColor",
                "strokeDasharray": 16,
                "strokeWidth": 2,
              }
            }
            viewBox="0 0 12 10"
          >
            <polyline
              points="1.5 6 4.5 9 10.5 1"
            />
          </svg>
        </div>
      </span>
    </label>
    <div
      style={
        {
          "textDecoration": null,
        }
      }
    >
      Plank
    </div>
    <div
      style={
        {
          "background": "grey",
          "height": "90%",
          "width": "1px",
        }
      }
    />
    <div>
       00:00 
    </div>
    <svg
      fill="currentColor"
      height="1em"
      stroke="currentColor"
      strokeWidth="0"
      style={
        {
          "color": undefined,
          "marginLeft": "auto",
        }
      }
      viewBox="0 0 24 24"
      width="1em"
      xmlns="http://www.w3.org/2000/svg"
    >
      <path
        d="M0 0h24v24H0z"
        fill="none"
      />
      <path
        d="M20 9H4v2h16V9zM4 15h16v-2H4v2z"
      />
    </svg>
  </div>
</div>
`;

exports[`DailyTask component renders correctly 1`] = `
<div
  className="daily-task-bar"
>
  <div
    className="top-section"
  >
    <div
      className="icon-container"
    >
      <svg
        fill="currentColor"
        height="1em"
        stroke="currentColor"
        strokeWidth="0"
        style={
          {
            "color": undefined,
          }
        }
        viewBox="0 0 24 24"
        width="1em"
        xmlns="http://www.w3.org/2000/svg"
      >
        <path
          d="M0 0h24v24H0z"
          fill="none"
        />
        <path
          d="M19 6.41 17.59 5 12 10.59 6.41 5 5 6.41 10.59 12 5 17.59 6.41 19 12 13.41 17.59 19 19 17.59 13.41 12z"
        />
      </svg>
    </div>
    <div
      className="title-container"
    >
      <h2>
        Daily Tasks
      </h2>
    </div>
  </div>
  <h2
    className="finish-task-header"
  >
    Finish Tasks To Earn Points
  </h2>
  <div
    className="task-name-div"
  >
    <MockedTaskName
      currentTask={1}
    />
  </div>
  <MockedCheckBar
    tasks="Drink Water"
  />
  <MockedCheckBar
    tasks="Eat Breakfast"
  />
  <MockedCheckBar
    tasks="Eat Lunch"
  />
  <MockedCheckBar
    tasks="Eat Dinner"
  />
  <MockedCheckBar
    tasks="Exercise"
  />
</div>
`;

exports[`renders the DailyTask component correctly 1`] = `
<div
  className="daily-task-bar"
>
  <div
    className="top-section"
  >
    <div
      className="icon-container"
    >
      <svg
        fill="currentColor"
        height="1em"
        stroke="currentColor"
        strokeWidth="0"
        style={
          {
            "color": undefined,
          }
        }
        viewBox="0 0 24 24"
        width="1em"
        xmlns="http://www.w3.org/2000/svg"
      >
        <path
          d="M0 0h24v24H0z"
          fill="none"
        />
        <path
          d="M19 6.41 17.59 5 12 10.59 6.41 5 5 6.41 10.59 12 5 17.59 6.41 19 12 13.41 17.59 19 19 17.59 13.41 12z"
        />
      </svg>
    </div>
    <div
      className="title-container"
    >
      <h2>
        Daily Tasks
      </h2>
    </div>
  </div>
  <h2
    className="finish-task-header"
  >
    Finish Tasks To Earn Points
  </h2>
  <div
    className="task-name-div"
  >
    <div
      style={
        {
          "alignItems": "center",
          "display": "flex",
          "flexDirection": "row",
          "fontSize": "1rem",
          "gap": "10px",
          "maxWidth": "400px",
          "padding": "10px",
        }
      }
    >
      <img
        alt="homeIcon"
        height={50}
        src=""
        style={
          {
            "borderRadius": "50px",
          }
        }
        width={50}
      />
      <div
        style={
          {
            "fontSize": "0.8rem",
          }
        }
      >
        <div
          style={
            {
              "fontWeight": "bold",
            }
          }
        >
          Home Workouts
        </div>
        <div>
          Task (
          1
          /15)
        </div>
      </div>
      <svg
        fill="currentColor"
        height="1em"
        stroke="currentColor"
        strokeWidth="0"
        style={
          {
            "color": "black",
            "marginLeft": "auto",
          }
        }
        viewBox="0 0 1024 1024"
        width="1em"
        xmlns="http://www.w3.org/2000/svg"
      >
        <path
          d="M899.4 638.2h-27.198c-2.2-.6-4.2-1.6-6.4-2-57.2-8.8-102.4-56.4-106.2-112.199-4.401-62.4 31.199-115.2 89.199-132.4 7.6-2.2 15.6-3.8 23.399-5.8h27.2c1.8.6 3.4 1.6 5.4 1.8 52.8 8.6 93 46.6 104.4 98.6.8 4 2 8 3 12v27.2c-.6 1.8-1.6 3.6-1.8 5.4-8.4 52-45.4 91.599-96.801 103.6-5 1.2-9.6 2.6-14.2 3.8zM130.603 385.8l27.202.001c2.2.6 4.2 1.6 6.4 1.8 57.6 9 102.6 56.8 106.2 113.2 4 62.2-32 114.8-90.2 131.8-7.401 2.2-15 3.8-22.401 5.6h-27.2c-1.8-.6-3.4-1.6-5.2-2-52-9.6-86-39.8-102.2-90.2-2.2-6.6-3.4-13.6-5.2-20.4v-27.2c.6-1.8 1.6-3.6 1.8-5.4 8.6-52.2 45.4-91.6 96.8-103.6 4.8-1.201 9.4-2.401 13.999-3.601zm370.801.001h27.2c2.2.6 4.2 1.6 6.4 2 57.4 9 103.6 58.6 106 114.6 2.8 63-35.2 116.4-93.8 131.4-6.2 1.6-12.4 3-18.6 4.4h-27.2c-2.2-.6-4.2-1.6-6.4-2-57.4-8.8-103.601-58.6-106.2-114.6-3-63 35.2-116.4 93.8-131.4 6.4-1.6 12.6-3 18.8-4.4z"
        />
      </svg>
    </div>
  </div>
  <div
    style={
      {
        "alignItems": "center",
        "background": "white",
        "borderRadius": "10px",
        "color": "black",
        "display": "flex",
        "flexDirection": "row",
        "fontSize": "1rem",
        "gap": "10px",
        "height": "40px",
        "marginBottom": "10px",
        "maxWidth": "300px",
        "opacity": 1,
        "padding": "10px",
        "transition": "opacity 0.5s ease",
      }
    }
  >
    <label
      className="chakra-checkbox css-1elxtiq"
      data-checked=""
      onClick={[Function]}
    >
      <input
        checked={true}
        className="chakra-checkbox__input"
        onBlur={[Function]}
        onChange={[Function]}
        onFocus={[Function]}
        onKeyDown={[Function]}
        onKeyUp={[Function]}
        style={
          {
            "border": "0",
            "clip": "rect(0, 0, 0, 0)",
            "height": "1px",
            "margin": "-1px",
            "overflow": "hidden",
            "padding": "0",
            "position": "absolute",
            "whiteSpace": "nowrap",
            "width": "1px",
          }
        }
        type="checkbox"
      />
      <span
        aria-hidden={true}
        className="chakra-checkbox__control css-dnty2r"
        data-checked=""
        onMouseDown={[Function]}
        onMouseEnter={[Function]}
        onMouseLeave={[Function]}
        onMouseUp={[Function]}
      >
        <div
          className="css-0"
          style={
            {
              "alignItems": "center",
              "display": "flex",
              "height": "100%",
              "justifyContent": "center",
            }
          }
        >
          <svg
            className="css-1w6vdd7"
            style={
              {
                "fill": "none",
                "stroke": "currentColor",
                "strokeDasharray": 16,
                "strokeWidth": 2,
              }
            }
            viewBox="0 0 12 10"
          >
            <polyline
              points="1.5 6 4.5 9 10.5 1"
            />
          </svg>
        </div>
      </span>
    </label>
    <div
      style={
        {
          "textDecoration": null,
        }
      }
    >
      Plank
    </div>
    <div
      style={
        {
          "background": "grey",
          "height": "90%",
          "width": "1px",
        }
      }
    />
    <div>
       00:00 
    </div>
    <svg
      fill="currentColor"
      height="1em"
      stroke="currentColor"
      strokeWidth="0"
      style={
        {
          "color": undefined,
          "marginLeft": "auto",
        }
      }
      viewBox="0 0 24 24"
      width="1em"
      xmlns="http://www.w3.org/2000/svg"
    >
      <path
        d="M0 0h24v24H0z"
        fill="none"
      />
      <path
        d="M20 9H4v2h16V9zM4 15h16v-2H4v2z"
      />
    </svg>
  </div>
  <div
    style={
      {
        "alignItems": "center",
        "background": "white",
        "borderRadius": "10px",
        "color": "black",
        "display": "flex",
        "flexDirection": "row",
        "fontSize": "1rem",
        "gap": "10px",
        "height": "40px",
        "marginBottom": "10px",
        "maxWidth": "300px",
        "opacity": 1,
        "padding": "10px",
        "transition": "opacity 0.5s ease",
      }
    }
  >
    <label
      className="chakra-checkbox css-1elxtiq"
      data-checked=""
      onClick={[Function]}
    >
      <input
        checked={true}
        className="chakra-checkbox__input"
        onBlur={[Function]}
        onChange={[Function]}
        onFocus={[Function]}
        onKeyDown={[Function]}
        onKeyUp={[Function]}
        style={
          {
            "border": "0",
            "clip": "rect(0, 0, 0, 0)",
            "height": "1px",
            "margin": "-1px",
            "overflow": "hidden",
            "padding": "0",
            "position": "absolute",
            "whiteSpace": "nowrap",
            "width": "1px",
          }
        }
        type="checkbox"
      />
      <span
        aria-hidden={true}
        className="chakra-checkbox__control css-dnty2r"
        data-checked=""
        onMouseDown={[Function]}
        onMouseEnter={[Function]}
        onMouseLeave={[Function]}
        onMouseUp={[Function]}
      >
        <div
          className="css-0"
          style={
            {
              "alignItems": "center",
              "display": "flex",
              "height": "100%",
              "justifyContent": "center",
            }
          }
        >
          <svg
            className="css-1w6vdd7"
            style={
              {
                "fill": "none",
                "stroke": "currentColor",
                "strokeDasharray": 16,
                "strokeWidth": 2,
              }
            }
            viewBox="0 0 12 10"
          >
            <polyline
              points="1.5 6 4.5 9 10.5 1"
            />
          </svg>
        </div>
      </span>
    </label>
    <div
      style={
        {
          "textDecoration": null,
        }
      }
    >
      Plank
    </div>
    <div
      style={
        {
          "background": "grey",
          "height": "90%",
          "width": "1px",
        }
      }
    />
    <div>
       00:00 
    </div>
    <svg
      fill="currentColor"
      height="1em"
      stroke="currentColor"
      strokeWidth="0"
      style={
        {
          "color": undefined,
          "marginLeft": "auto",
        }
      }
      viewBox="0 0 24 24"
      width="1em"
      xmlns="http://www.w3.org/2000/svg"
    >
      <path
        d="M0 0h24v24H0z"
        fill="none"
      />
      <path
        d="M20 9H4v2h16V9zM4 15h16v-2H4v2z"
      />
    </svg>
  </div>
  <div
    style={
      {
        "alignItems": "center",
        "background": "white",
        "borderRadius": "10px",
        "color": "black",
        "display": "flex",
        "flexDirection": "row",
        "fontSize": "1rem",
        "gap": "10px",
        "height": "40px",
        "marginBottom": "10px",
        "maxWidth": "300px",
        "opacity": 1,
        "padding": "10px",
        "transition": "opacity 0.5s ease",
      }
    }
  >
    <label
      className="chakra-checkbox css-1elxtiq"
      data-checked=""
      onClick={[Function]}
    >
      <input
        checked={true}
        className="chakra-checkbox__input"
        onBlur={[Function]}
        onChange={[Function]}
        onFocus={[Function]}
        onKeyDown={[Function]}
        onKeyUp={[Function]}
        style={
          {
            "border": "0",
            "clip": "rect(0, 0, 0, 0)",
            "height": "1px",
            "margin": "-1px",
            "overflow": "hidden",
            "padding": "0",
            "position": "absolute",
            "whiteSpace": "nowrap",
            "width": "1px",
          }
        }
        type="checkbox"
      />
      <span
        aria-hidden={true}
        className="chakra-checkbox__control css-dnty2r"
        data-checked=""
        onMouseDown={[Function]}
        onMouseEnter={[Function]}
        onMouseLeave={[Function]}
        onMouseUp={[Function]}
      >
        <div
          className="css-0"
          style={
            {
              "alignItems": "center",
              "display": "flex",
              "height": "100%",
              "justifyContent": "center",
            }
          }
        >
          <svg
            className="css-1w6vdd7"
            style={
              {
                "fill": "none",
                "stroke": "currentColor",
                "strokeDasharray": 16,
                "strokeWidth": 2,
              }
            }
            viewBox="0 0 12 10"
          >
            <polyline
              points="1.5 6 4.5 9 10.5 1"
            />
          </svg>
        </div>
      </span>
    </label>
    <div
      style={
        {
          "textDecoration": null,
        }
      }
    >
      Plank
    </div>
    <div
      style={
        {
          "background": "grey",
          "height": "90%",
          "width": "1px",
        }
      }
    />
    <div>
       00:00 
    </div>
    <svg
      fill="currentColor"
      height="1em"
      stroke="currentColor"
      strokeWidth="0"
      style={
        {
          "color": undefined,
          "marginLeft": "auto",
        }
      }
      viewBox="0 0 24 24"
      width="1em"
      xmlns="http://www.w3.org/2000/svg"
    >
      <path
        d="M0 0h24v24H0z"
        fill="none"
      />
      <path
        d="M20 9H4v2h16V9zM4 15h16v-2H4v2z"
      />
    </svg>
  </div>
  <div
    style={
      {
        "alignItems": "center",
        "background": "white",
        "borderRadius": "10px",
        "color": "black",
        "display": "flex",
        "flexDirection": "row",
        "fontSize": "1rem",
        "gap": "10px",
        "height": "40px",
        "marginBottom": "10px",
        "maxWidth": "300px",
        "opacity": 1,
        "padding": "10px",
        "transition": "opacity 0.5s ease",
      }
    }
  >
    <label
      className="chakra-checkbox css-1elxtiq"
      data-checked=""
      onClick={[Function]}
    >
      <input
        checked={true}
        className="chakra-checkbox__input"
        onBlur={[Function]}
        onChange={[Function]}
        onFocus={[Function]}
        onKeyDown={[Function]}
        onKeyUp={[Function]}
        style={
          {
            "border": "0",
            "clip": "rect(0, 0, 0, 0)",
            "height": "1px",
            "margin": "-1px",
            "overflow": "hidden",
            "padding": "0",
            "position": "absolute",
            "whiteSpace": "nowrap",
            "width": "1px",
          }
        }
        type="checkbox"
      />
      <span
        aria-hidden={true}
        className="chakra-checkbox__control css-dnty2r"
        data-checked=""
        onMouseDown={[Function]}
        onMouseEnter={[Function]}
        onMouseLeave={[Function]}
        onMouseUp={[Function]}
      >
        <div
          className="css-0"
          style={
            {
              "alignItems": "center",
              "display": "flex",
              "height": "100%",
              "justifyContent": "center",
            }
          }
        >
          <svg
            className="css-1w6vdd7"
            style={
              {
                "fill": "none",
                "stroke": "currentColor",
                "strokeDasharray": 16,
                "strokeWidth": 2,
              }
            }
            viewBox="0 0 12 10"
          >
            <polyline
              points="1.5 6 4.5 9 10.5 1"
            />
          </svg>
        </div>
      </span>
    </label>
    <div
      style={
        {
          "textDecoration": null,
        }
      }
    >
      Plank
    </div>
    <div
      style={
        {
          "background": "grey",
          "height": "90%",
          "width": "1px",
        }
      }
    />
    <div>
       00:00 
    </div>
    <svg
      fill="currentColor"
      height="1em"
      stroke="currentColor"
      strokeWidth="0"
      style={
        {
          "color": undefined,
          "marginLeft": "auto",
        }
      }
      viewBox="0 0 24 24"
      width="1em"
      xmlns="http://www.w3.org/2000/svg"
    >
      <path
        d="M0 0h24v24H0z"
        fill="none"
      />
      <path
        d="M20 9H4v2h16V9zM4 15h16v-2H4v2z"
      />
    </svg>
  </div>
  <div
    style={
      {
        "alignItems": "center",
        "background": "white",
        "borderRadius": "10px",
        "color": "black",
        "display": "flex",
        "flexDirection": "row",
        "fontSize": "1rem",
        "gap": "10px",
        "height": "40px",
        "marginBottom": "10px",
        "maxWidth": "300px",
        "opacity": 1,
        "padding": "10px",
        "transition": "opacity 0.5s ease",
      }
    }
  >
    <label
      className="chakra-checkbox css-1elxtiq"
      data-checked=""
      onClick={[Function]}
    >
      <input
        checked={true}
        className="chakra-checkbox__input"
        onBlur={[Function]}
        onChange={[Function]}
        onFocus={[Function]}
        onKeyDown={[Function]}
        onKeyUp={[Function]}
        style={
          {
            "border": "0",
            "clip": "rect(0, 0, 0, 0)",
            "height": "1px",
            "margin": "-1px",
            "overflow": "hidden",
            "padding": "0",
            "position": "absolute",
            "whiteSpace": "nowrap",
            "width": "1px",
          }
        }
        type="checkbox"
      />
      <span
        aria-hidden={true}
        className="chakra-checkbox__control css-dnty2r"
        data-checked=""
        onMouseDown={[Function]}
        onMouseEnter={[Function]}
        onMouseLeave={[Function]}
        onMouseUp={[Function]}
      >
        <div
          className="css-0"
          style={
            {
              "alignItems": "center",
              "display": "flex",
              "height": "100%",
              "justifyContent": "center",
            }
          }
        >
          <svg
            className="css-1w6vdd7"
            style={
              {
                "fill": "none",
                "stroke": "currentColor",
                "strokeDasharray": 16,
                "strokeWidth": 2,
              }
            }
            viewBox="0 0 12 10"
          >
            <polyline
              points="1.5 6 4.5 9 10.5 1"
            />
          </svg>
        </div>
      </span>
    </label>
    <div
      style={
        {
          "textDecoration": null,
        }
      }
    >
      Plank
    </div>
    <div
      style={
        {
          "background": "grey",
          "height": "90%",
          "width": "1px",
        }
      }
    />
    <div>
       00:00 
    </div>
    <svg
      fill="currentColor"
      height="1em"
      stroke="currentColor"
      strokeWidth="0"
      style={
        {
          "color": undefined,
          "marginLeft": "auto",
        }
      }
      viewBox="0 0 24 24"
      width="1em"
      xmlns="http://www.w3.org/2000/svg"
    >
      <path
        d="M0 0h24v24H0z"
        fill="none"
      />
      <path
        d="M20 9H4v2h16V9zM4 15h16v-2H4v2z"
      />
    </svg>
  </div>
</div>
`;
